#-----------------------------------------------------------
# Vivado v2025.2 (64-bit)
# SW Build 6299465 on Fri Nov 14 19:35:11 GMT 2025
# IP Build 6300035 on Fri Nov 14 10:48:45 MST 2025
# SharedData Build 6298862 on Thu Nov 13 04:50:51 MST 2025
# Start of session at: Wed Apr  1 23:13:39 2026
# Process ID         : 21112
# Current directory  : E:/Vivado/projects/HDL_Project/HDL_Project.runs/design_1_xadc_wiz_0_1_synth_1
# Command line       : vivado.exe -log design_1_xadc_wiz_0_1.vds -product Vivado -mode batch -messageDb vivado.pb -notrace -source design_1_xadc_wiz_0_1.tcl
# Log file           : E:/Vivado/projects/HDL_Project/HDL_Project.runs/design_1_xadc_wiz_0_1_synth_1/design_1_xadc_wiz_0_1.vds
# Journal file       : E:/Vivado/projects/HDL_Project/HDL_Project.runs/design_1_xadc_wiz_0_1_synth_1\vivado.jou
# Running On         : Pavilion-14
# Platform           : Windows Server 2016 or Windows 10
# Operating System   : 26200
# Processor Detail   : 12th Gen Intel(R) Core(TM) i5-1235U
# CPU Frequency      : 2496 MHz
# CPU Physical cores : 10
# CPU Logical cores  : 12
# Host memory        : 16832 MB
# Swap memory        : 8079 MB
# Total Virtual      : 24911 MB
# Available Virtual  : 2932 MB
#-----------------------------------------------------------
source design_1_xadc_wiz_0_1.tcl -notrace
